=== 脚質統計テスト ===

ダノンフェアレディ:
  脚質: 先行
  前傾: 2回, 後傾: 2回
  平均上がり: 34.9秒
  平均着順: 2.2着

ジョスラン:
  脚質: 差し
  前傾: 1回, 後傾: 3回
  平均上がり: 34.5秒
  平均着順: 1.5着

カムニャック:
  脚質: 先行
  前傾: 2回, 後傾: 2回
  平均上がり: 34.7秒
  平均着順: 1.0着

=== 展開予測テスト ===

レース展開: 平均
前傾上位合計: 1.41
後傾上位合計: 1.41

ダノンフェアレディ:
  脚質: 先行
  補正倍率: 1.0000 (+0.0%)

ジョスラン:
  脚質: 差し
  補正倍率: 1.0000 (+0.0%)

カムニャック:
  脚質: 先行
  補正倍率: 1.0000 (+0.0%)

